../Drivers/CMSIS/Include/core_cm3.h:1876:26:ITM_SendChar	16	static,ignoring_inline_asm
../Core/Src/main.c:108:5:_write	32	static
../Core/Src/main.c:115:5:SDMOUNT	24	static
../Core/Src/main.c:138:6:UI_DrawLine	120	static
../Core/Src/main.c:146:6:UI_DrawAll	40	static
../Core/Src/main.c:165:5:main	16	static
../Core/Src/main.c:316:6:SystemClock_Config	72	static
../Core/Src/main.c:356:13:MX_SPI1_Init	8	static
../Core/Src/main.c:394:13:MX_SPI2_Init	8	static
../Core/Src/main.c:432:13:MX_TIM2_Init	32	static
../Core/Src/main.c:477:13:MX_TIM3_Init	32	static
../Core/Src/main.c:522:13:MX_USART1_UART_Init	8	static
../Core/Src/main.c:555:13:MX_USART2_UART_Init	8	static
../Core/Src/main.c:586:13:MX_DMA_Init	16	static
../Core/Src/main.c:610:13:MX_GPIO_Init	40	static
../Core/Src/main.c:709:6:HAL_GPIO_EXTI_Callback	16	static
../Core/Src/main.c:737:6:HAL_SPI_TxCpltCallback	16	static
../Core/Src/main.c:743:6:HAL_TIM_PeriodElapsedCallback	16	static
../Core/Src/main.c:756:6:Error_Handler	4	static,ignoring_inline_asm
