../Drivers/CMSIS/Include/core_cm3.h:1876:26:ITM_SendChar	16	static,ignoring_inline_asm
../Core/Src/main.c:108:5:_write	32	static
../Core/Src/main.c:115:5:SDMOUNT	24	static
../Core/Src/main.c:138:6:UI_DrawLine	120	static
../Core/Src/main.c:146:6:UI_DrawAll	40	static
../Core/Src/main.c:165:5:main	16	static
../Core/Src/main.c:319:6:SystemClock_Config	72	static
../Core/Src/main.c:359:13:MX_SPI1_Init	8	static
../Core/Src/main.c:397:13:MX_SPI2_Init	8	static
../Core/Src/main.c:435:13:MX_TIM2_Init	32	static
../Core/Src/main.c:480:13:MX_TIM3_Init	32	static
../Core/Src/main.c:525:13:MX_USART1_UART_Init	8	static
../Core/Src/main.c:558:13:MX_USART2_UART_Init	8	static
../Core/Src/main.c:589:13:MX_DMA_Init	16	static
../Core/Src/main.c:613:13:MX_GPIO_Init	40	static
../Core/Src/main.c:712:6:HAL_GPIO_EXTI_Callback	16	static
../Core/Src/main.c:740:6:HAL_SPI_TxCpltCallback	16	static
../Core/Src/main.c:746:6:HAL_TIM_PeriodElapsedCallback	16	static
../Core/Src/main.c:759:6:Error_Handler	4	static,ignoring_inline_asm
